citeproc-affix-with-commas
citeproc-affix-word-processor-affix-no-space
citeproc-bugreports-affiliation-spoofing-demo-page-full-cite-cruft-on-subsequent
citeproc-bugreports-automatically-delete-items-fails
citeproc-bugreports-caps-after-one-word-prefix
citeproc-bugreports-chicago-author-date-looping
citeproc-bugreports-creeping-add-names
citeproc-bugreports-demo-page-full-cite-cruft-on-subsequent
citeproc-bugreports-double-encoded-angle-braces
citeproc-bugreports-french-apostrophe
citeproc-bugreports-ikey-one
citeproc-bugreports-move-punctuation-inside-quotes-for-locator
citeproc-bugreports-non-breaking-space-join-fail
citeproc-bugreports-number-affix-escape
citeproc-bugreports-number-in-macro-with-vertical-align
citeproc-bugreports-parse-name
citeproc-bugreports-single-quote-xml
citeproc-bugreports-undefined-not-string
citeproc-bugreports-undefined-str
citeproc-bugreports-uri-wrapping
citeproc-bugreports-year-suffix-in-harvard1
citeproc-collapse-author-collapse-no-date-sorted
citeproc-collapse-chicago-after-collapse
citeproc-collapse-citation-number-ranges-insert
citeproc-date-date-no-date-no-test
citeproc-date-empty-strings
citeproc-date-in-press
citeproc-date-lone-japanese-month
citeproc-date-other-alone
citeproc-date-other-with-date
citeproc-date-raw-parse-simple-date
citeproc-date-raw-season-range1
citeproc-date-raw-season-range2
citeproc-date-raw-season-range3
citeproc-date-season-substitute-in-group
citeproc-date-string
citeproc-date-text-form-yeardate-year-range-open
citeproc-date-various-invalid-dates
citeproc-date-year-suffix-implicit-with-no-date
citeproc-date-year-suffix-implicit-with-no-date-one-only
citeproc-date-year-suffix-with-no-date
citeproc-decorations-nested-quotes-inner-reverse
citeproc-decorations-no-normal-without-decoration
citeproc-decorations-simple-flip-flop
citeproc-disambiguate-all-names-generally
citeproc-disambiguate-all-names-simple-sequence
citeproc-disambiguate-all-names-with-initials-generally
citeproc-disambiguate-by-cite-incremental2
citeproc-disambiguate-citation-label-default
citeproc-disambiguate-citation-label-in-data
citeproc-disambiguate-disambiguation-hang
citeproc-disambiguate-incremental-extra-text
citeproc-disambiguate-initialize-with-but-no-disambiguation
citeproc-disambiguate-primary-name-generally
citeproc-disambiguate-primary-name-with-initials-limited-to-primary
citeproc-disambiguate-to-initial-only
citeproc-disambiguate-trigraph
citeproc-disambiguate-disambiguate-true-in-bibliography-only
citeproc-disambiguate-year-collapse-with-institution
citeproc-disambiguate-year-suffix-fifty-two-entries
citeproc-disambiguate-year-suffix-fifty-two-entries-by-cite
citeproc-disambiguate-year-suffix-with-et-al-subequent
citeproc-display-author-as-heading
citeproc-etal-use-zero-first
citeproc-flipflop-apostrophes
citeproc-flipflop-boldface-node-level-markup
citeproc-flipflop-complete-cite-in-prefix
citeproc-flipflop-italics-flipped
citeproc-flipflop-italics-simple
citeproc-flipflop-italics-with-ok
citeproc-flipflop-italics-with-ok-and-textcase
citeproc-flipflop-leading-single-quote
citeproc-flipflop-quotes-in-field-not-on-node
citeproc-flipflop-quotes-node-level-markup
citeproc-flipflop-small-caps
citeproc-fullstyles-abd-nt
citeproc-group-complex-nesting
citeproc-integration-cross-citation-ibid-on-insert
citeproc-integration-delete-name
citeproc-integration-disambiguate-add-givenname1
citeproc-integration-disambiguate-add-givenname2
citeproc-integration-duplicate-item
citeproc-integration-duplicate-item2
citeproc-integration-first-reference-note-number-position-change
citeproc-integration-ibid-on-insert
citeproc-integration-year-suffix-on-off-on
citeproc-label-collapsed-page-number-plural-detection
citeproc-label-editor-translator1
citeproc-locale-empty-plus-override-date
citeproc-locale-non-existent-locale-def
citeproc-locale-overload-with-empty-string
citeproc-locale-title-case-empty-lang-non-english-locale
citeproc-locale-title-case-garbage-lang-empty-locale
citeproc-locale-title-case-garbage-lang-english-locale
citeproc-locale-title-case-garbage-lang-non-english-locale
citeproc-locale-title-case-non-english-lang-upper-empty-locale
citeproc-locator-simple-locators
citeproc-locator-tricky-entry-for-plurals
citeproc-locator-with-leading-space
citeproc-magic-capitalize-first-occurring-term
citeproc-magic-citation-label-in-bibliography
citeproc-magic-citation-label-in-citation
citeproc-magic-name-suffix-no-comma
citeproc-magic-name-suffix-with-comma
citeproc-magic-punctuation-in-quote-nested
citeproc-magic-superscript-chars
citeproc-magic-suppress-duplicate-variable-rendering
citeproc-magic-suppress-layout-delimiter-if-prefix-comma
citeproc-magic-term-capitalization-with-prefix
citeproc-name-articular-name-as-sort-order
citeproc-name-articular-with-comma
citeproc-name-articular-with-comma-name-as-sort-order
citeproc-name-asian-glyphs
citeproc-name-celts-and-toffs-crowded-initials
citeproc-name-celts-and-toffs-spaced-initials
citeproc-name-cite-group-delimiter-with-year-suffix-collapse
citeproc-name-cite-group-delimiter-with-year-suffix-collapse2
citeproc-name-cite-group-delimiter-with-year-suffix-collapse3
citeproc-name-editor-translator-same-empty-term
citeproc-name-et-al-with-combined
citeproc-name-hebrew-and
citeproc-name-hyphenated-non-dropping-particle1
citeproc-name-hyphenated-non-dropping-particle2
citeproc-name-institution
citeproc-name-institution-decoration
citeproc-name-literal-with-comma
citeproc-name-long-abbreviation
citeproc-name-lowercase-surname-suffix
citeproc-name-namepart-affixes
citeproc-name-namepart-affixes-name-as-sort-order
citeproc-name-namepart-affixes-name-as-sort-order-demote-non-dropping-particle
citeproc-name-only-givenname
citeproc-name-parse-names
citeproc-name-parsed-dropping-particle-with-apostrophe
citeproc-name-parsed-non-dropping-particle-with-apostrophe
citeproc-name-particle-caps3
citeproc-name-particles-demote-non-dropping-never
citeproc-name-split-initials
citeproc-name-substitute-on-names-span-group-span-fail
citeproc-name-substitute-on-names-span-names-span-fail
citeproc-name-with-non-breaking-space
citeproc-nameattr-et-al-subsequent-min-on-citation-in-citation
citeproc-nameattr-et-al-subsequent-min-on-style-in-citation
citeproc-nameattr-et-al-subsequent-use-first-on-citation-in-citation
citeproc-nameattr-et-al-subsequent-use-first-on-style-in-citation
citeproc-nameorder-long-name-as-sort-demote-display-and-sort
citeproc-nameorder-long-name-as-sort-demote-never
citeproc-number-new-ordinals-edition
citeproc-number-new-ordinals-with-gender-change
citeproc-number-ordinal-spacing
citeproc-number-plain-hyphen-or-en-dash-always-plural
citeproc-number-separate-ordinal-namespaces
citeproc-parallel-bibliography
citeproc-parallel-hacked-chicago
citeproc-parallel-journal-article-reverse
citeproc-parallel-journal-article-simple
citeproc-parallel-trailing-ibid
citeproc-position-first-true-only-once
citeproc-position-ibid-in-text
citeproc-position-ibid-with-locator
citeproc-position-ibid-with-multiple-solo-cites-in-backref
citeproc-position-ibid-with-prefix-full-stop
citeproc-position-if-ibid-with-locator-is-true-then-ibid-is-true
citeproc-position-near-note-false
citeproc-position-reset-note-numbers
citeproc-punctuation-french-orthography
citeproc-punctuation-full-monty-quotes-in
citeproc-quotes-punctuation-with-inner-quote
citeproc-sort-bibliography-citation-number-descending-via-macro
citeproc-sort-bibliography-nosort-option
citeproc-sort-chicago-year-suffix1
citeproc-sort-chicago-year-suffix2
citeproc-sort-citation-unsorted
citeproc-sort-conditional-macro-dates
citeproc-sort-dale-dalebout
citeproc-sort-drop-name-label-in-sort
citeproc-sort-leading-a
citeproc-sort-leading-apostrophe-on-name-particle
citeproc-sort-quotes
citeproc-sort-range-unaffected
citeproc-sort-separate-authors-and-others
citeproc-sort-with-and-in-one-entry
citeproc-substitute-suppress-ordinary-variable
citeproc-testers-first-auto-generated-zotero-plugin-test
citeproc-testers-second-auto-generated-zotero-plugin-test
citeproc-textcase-non-english-chars
citeproc-textcase-sentence-capitalization
citeproc-textcase-skip-name-particles-in-title-case
citeproc-textcase-title-capitalization
citeproc-textcase-title-capitalization2
citeproc-textcase-title-case-non-english
citeproc-variables-title-short-on-short-title-no-title-condition
citeproc-affix-comma-after-quote
citeproc-affix-moving-punctuation
citeproc-affix-space-with-quotes
citeproc-api-suppress-author
citeproc-api-update-items-delete
citeproc-api-update-items-delete-decrements-by-cite-disambiguation
citeproc-api-update-items-reshuffle
citeproc-bibheader-entryspacing-default-value-one
citeproc-bibheader-entryspacing-explicit-value-zero
citeproc-bibheader-second-field-align
citeproc-bibheader-second-field-align-with-author
citeproc-bibheader-second-field-align-with-number
citeproc-bibsection-exclude
citeproc-bibsection-include
citeproc-bibsection-quash
citeproc-bibsection-select
citeproc-bugreports-arabic-locale
citeproc-bugreports-empty-input
citeproc-bugreports-no-case-escape
citeproc-bugreports-small-caps-escape
citeproc-bugreports-two-full-stops
citeproc-condition-is-numeric
citeproc-disambiguate-based-on-subsequent-form-with-backref2
citeproc-flipflop-orphan-quote
citeproc-flipflop-single-before-colon
citeproc-label-editor-translator2
citeproc-number-edition-sort
citeproc-sort-omitted-bib-ref-mixed-numeric-style
citeproc-sort-omitted-bib-ref-non-numeric-style
citeproc-substitute-shared-macro
citeproc-textcase-in-quotes
citeproc-textcase-lowercase
citeproc-textcase-repeated-title-bug
citeproc-textcase-uppercase
citeproc-variables-short-form
citeproc-variables-title-short-on-abbrev-with-title
citeproc-variables-title-short-on-abbrev-with-title-condition
citeproc-variables-title-short-on-abbrev-with-title-group
citeproc-bugreports-illustrator-in-extra
citeproc-bugreports-overwrite-citation-items
citeproc-date-range-delimiter
citeproc-date-season-range1
citeproc-date-season-range2
citeproc-date-season-range3
citeproc-fullstyles-a-bd-nt
citeproc-label-name-label-through-substitute
citeproc-name-initials-initialize-false
citeproc-name-initials-initialize-false-empty
citeproc-name-initials-initialize-false-period
citeproc-name-initials-initialize-false-period-space
citeproc-name-initials-initialize-true
citeproc-name-initials-initialize-true-empty
citeproc-name-initials-initialize-true-period
citeproc-name-initials-initialize-true-period-space
citeproc-sort-bibliography-citation-number-descending-via-composite-macro
citeproc-sort-citation-number-primary-descending-via-macro-bibliography
citeproc-sort-citation-number-primary-descending-via-macro-citation
citeproc-sort-citation-number-primary-descending-via-variable-bibliography
citeproc-sort-citation-number-primary-descending-via-variable-citation
citeproc-textcase-implicit-nocase
citeproc-textcase-last-char
citeproc-variables-container-title-short
citeproc-variables-container-title-short2
