citeproc-suite-affix-comma-after-quote
citeproc-suite-affix-moving-punctuation
citeproc-suite-affix-space-with-quotes
citeproc-suite-affix-with-commas
citeproc-suite-bugreports-automatically-delete-items-fails
citeproc-suite-bugreports-caps-after-one-word-prefix
citeproc-suite-bugreports-chicago-author-date-looping
citeproc-suite-bugreports-creeping-add-names
citeproc-suite-bugreports-demo-page-full-cite-cruft-on-subsequent
citeproc-suite-bugreports-env-and-urb
citeproc-suite-bugreports-french-apostrophe
citeproc-suite-bugreports-ikey-one
citeproc-suite-bugreports-move-punctuation-inside-quotes-for-locator
citeproc-suite-bugreports-no-case-escape
citeproc-suite-bugreports-no-title
citeproc-suite-bugreports-number-affix-escape
citeproc-suite-bugreports-number-in-macro-with-vertical-align
citeproc-suite-bugreports-overwrite-citation-items
citeproc-suite-bugreports-parse-name
citeproc-suite-bugreports-single-quote-xml
citeproc-suite-bugreports-small-caps-escape
citeproc-suite-collapse-author-collapse-no-date-sorted
citeproc-suite-collapse-chicago-after-collapse
citeproc-suite-collapse-citation-number-ranges-insert
citeproc-suite-date-date-no-date-no-test
citeproc-suite-date-empty-strings
citeproc-suite-date-in-press
citeproc-suite-date-other-alone
citeproc-suite-date-other-with-date
citeproc-suite-date-range-delimiter
citeproc-suite-date-season-range1
citeproc-suite-date-season-range2
citeproc-suite-date-season-range3
citeproc-suite-date-season-substitute-in-group
citeproc-suite-date-string
citeproc-suite-date-text-form-yeardate-year-range-open
citeproc-suite-date-various-invalid-dates
citeproc-suite-date-year-suffix-implicit-with-no-date
citeproc-suite-date-year-suffix-with-no-date
citeproc-suite-decorations-nested-quotes-inner-reverse
citeproc-suite-decorations-no-normal-without-decoration
citeproc-suite-decorations-simple-flip-flop
citeproc-suite-disambiguate-all-names-generally
citeproc-suite-disambiguate-all-names-simple-sequence
citeproc-suite-disambiguate-all-names-with-initials-generally
citeproc-suite-disambiguate-based-on-subsequent-form-with-backref2
citeproc-suite-disambiguate-by-cite-incremental2
citeproc-suite-disambiguate-citation-label-default
citeproc-suite-disambiguate-citation-label-in-data
citeproc-suite-disambiguate-disambiguation-hang
citeproc-suite-disambiguate-incremental-extra-text
citeproc-suite-disambiguate-initialize-with-but-no-disambiguation
citeproc-suite-disambiguate-primary-name-generally
citeproc-suite-disambiguate-primary-name-with-initials-limited-to-primary
citeproc-suite-disambiguate-to-initial-only
citeproc-suite-disambiguate-trigraph
citeproc-suite-disambiguate-year-collapse-with-institution
citeproc-suite-disambiguate-year-suffix-fifty-two-entries
citeproc-suite-disambiguate-year-suffix-fifty-two-entries-by-cite
citeproc-suite-disambiguate-year-suffix-with-et-al-subequent
citeproc-suite-display-author-as-heading
citeproc-suite-etal-use-zero-first
citeproc-suite-flipflop-apostrophes
citeproc-suite-flipflop-boldface-node-level-markup
citeproc-suite-flipflop-complete-cite-in-prefix
citeproc-suite-flipflop-italics-flipped
citeproc-suite-flipflop-italics-simple
citeproc-suite-flipflop-italics-with-ok
citeproc-suite-flipflop-italics-with-ok-and-textcase
citeproc-suite-flipflop-leading-single-quote
citeproc-suite-flipflop-orphan-quote
citeproc-suite-flipflop-quotes-in-field-not-on-node
citeproc-suite-flipflop-quotes-node-level-markup
citeproc-suite-flipflop-single-before-colon
citeproc-suite-flipflop-small-caps
citeproc-suite-fullstyles-a-bd-nt
citeproc-suite-fullstyles-chicago-author-date-simple
citeproc-suite-integration-delete-name
citeproc-suite-integration-disambiguate-add-givenname1
citeproc-suite-integration-disambiguate-add-givenname2
citeproc-suite-integration-duplicate-item
citeproc-suite-integration-duplicate-item2
citeproc-suite-integration-first-reference-note-number-position-change
citeproc-suite-integration-ibid-on-insert
citeproc-suite-integration-year-suffix-on-off-on
citeproc-suite-label-collapsed-page-number-plural-detection
citeproc-suite-label-editor-translator1
citeproc-suite-label-editor-translator2
citeproc-suite-label-name-label-through-substitute
citeproc-suite-label-plural-with-localized-ampersand
citeproc-suite-locale-empty-plus-override-date
citeproc-suite-locale-non-existent-locale-def
citeproc-suite-locale-overload-with-empty-string
citeproc-suite-locator-simple-locators
citeproc-suite-locator-tricky-entry-for-plurals
citeproc-suite-locator-with-leading-space
citeproc-suite-magic-capitalize-first-occurring-term
citeproc-suite-magic-citation-label-in-bibliography
citeproc-suite-magic-citation-label-in-citation
citeproc-suite-magic-name-suffix-no-comma
citeproc-suite-magic-name-suffix-with-comma
citeproc-suite-magic-punctuation-in-quote-nested
citeproc-suite-magic-superscript-chars
citeproc-suite-magic-suppress-layout-delimiter-if-prefix-comma
citeproc-suite-magic-term-capitalization-with-prefix
citeproc-suite-name-articular-name-as-sort-order
citeproc-suite-name-articular-with-comma
citeproc-suite-name-articular-with-comma-name-as-sort-order
citeproc-suite-name-asian-glyphs
citeproc-suite-name-celts-and-toffs-crowded-initials
citeproc-suite-name-celts-and-toffs-spaced-initials
citeproc-suite-name-cite-group-delimiter-with-year-suffix-collapse
citeproc-suite-name-cite-group-delimiter-with-year-suffix-collapse2
citeproc-suite-name-cite-group-delimiter-with-year-suffix-collapse3
citeproc-suite-name-delimiter-after-inverted
citeproc-suite-name-editor-translator-same-empty-term
citeproc-suite-name-et-al-with-combined
citeproc-suite-name-hebrew-and
citeproc-suite-name-hyphenated-non-dropping-particle1
citeproc-suite-name-hyphenated-non-dropping-particle2
citeproc-suite-name-in-text-markup-initialize
citeproc-suite-name-in-text-markup-normalize-initials
citeproc-suite-name-initials-initialize-false
citeproc-suite-name-initials-initialize-false-empty
citeproc-suite-name-initials-initialize-false-period
citeproc-suite-name-initials-initialize-false-period-space
citeproc-suite-name-initials-initialize-true
citeproc-suite-name-initials-initialize-true-empty
citeproc-suite-name-initials-initialize-true-period
citeproc-suite-name-initials-initialize-true-period-space
citeproc-suite-name-long-abbreviation
citeproc-suite-name-lowercase-surname-suffix
citeproc-suite-name-namepart-affixes
citeproc-suite-name-namepart-affixes-name-as-sort-order
citeproc-suite-name-namepart-affixes-name-as-sort-order-demote-non-dropping-particle
citeproc-suite-name-only-givenname
citeproc-suite-name-parse-names
citeproc-suite-name-parsed-dropping-particle-with-apostrophe
citeproc-suite-name-parsed-non-dropping-particle-with-apostrophe
citeproc-suite-name-particle-caps3
citeproc-suite-name-particles-demote-non-dropping-never
citeproc-suite-name-split-initials
citeproc-suite-name-subsequent-author-substitute-single-field
citeproc-suite-name-substitute-on-names-span-group-span-fail
citeproc-suite-name-substitute-on-names-span-names-span-fail
citeproc-suite-name-substitute-partial-each
citeproc-suite-name-with-non-breaking-space
citeproc-suite-nameorder-long-name-as-sort-demote-display-and-sort
citeproc-suite-nameorder-long-name-as-sort-demote-never
citeproc-suite-number-limit-ordinals-to-day-one
citeproc-suite-number-new-ordinals-edition
citeproc-suite-number-new-ordinals-with-gender-change
citeproc-suite-number-ordinal-spacing
citeproc-suite-number-plain-hyphen-or-en-dash-always-plural
citeproc-suite-number-separate-ordinal-namespaces
citeproc-suite-page-chicago16
citeproc-suite-position-first-true-only-once
citeproc-suite-position-ibid-in-text
citeproc-suite-position-ibid-with-locator
citeproc-suite-position-ibid-with-multiple-solo-cites-in-backref
citeproc-suite-position-ibid-with-prefix-full-stop
citeproc-suite-position-if-ibid-with-locator-is-true-then-ibid-is-true
citeproc-suite-position-near-note-false
citeproc-suite-position-reset-note-numbers
citeproc-suite-punctuation-french-orthography
citeproc-suite-punctuation-full-monty-quotes-in
citeproc-suite-quotes-punctuation-with-inner-quote
citeproc-suite-sort-bibliography-citation-number-descending-via-composite-macro
citeproc-suite-sort-bibliography-citation-number-descending-via-macro
citeproc-suite-sort-case-insensitive-bibliography
citeproc-suite-sort-case-insensitive-citation
citeproc-suite-sort-citation-number-primary-descending-via-macro-bibliography
citeproc-suite-sort-citation-number-primary-descending-via-macro-citation
citeproc-suite-sort-citation-number-primary-descending-via-variable-bibliography
citeproc-suite-sort-citation-number-primary-descending-via-variable-citation
citeproc-suite-sort-conditional-macro-dates
citeproc-suite-sort-drop-name-label-in-sort
citeproc-suite-sort-family-only
citeproc-suite-sort-leading-a
citeproc-suite-sort-leading-apostrophe-on-name-particle
citeproc-suite-sort-name-variable
citeproc-suite-sort-omitted-bib-ref-mixed-numeric-style
citeproc-suite-sort-omitted-bib-ref-non-numeric-style
citeproc-suite-sort-quotes
citeproc-suite-sort-range-unaffected
citeproc-suite-sort-separate-authors-and-others
citeproc-suite-sort-with-and-in-one-entry
citeproc-suite-substitute-substitute-only-once-string
citeproc-suite-substitute-substitute-only-once-term
citeproc-suite-substitute-substitute-only-once-term-empty
citeproc-suite-substitute-substitute-only-once-variable
citeproc-suite-substitute-suppress-ordinary-variable
citeproc-suite-testers-first-auto-generated-zotero-plugin-test
citeproc-suite-testers-second-auto-generated-zotero-plugin-test
citeproc-suite-textcase-implicit-nocase
citeproc-suite-textcase-in-quotes
citeproc-suite-textcase-last-char
citeproc-suite-textcase-locale-unicode
citeproc-suite-textcase-no-space-before-apostrophe
citeproc-suite-textcase-non-english-chars
citeproc-suite-textcase-repeated-title-bug
citeproc-suite-textcase-sentence-capitalization
citeproc-suite-textcase-skip-name-particles-in-title-case
citeproc-suite-textcase-stop-word-before-hyphen
citeproc-suite-variables-container-title-short
citeproc-suite-variables-container-title-short2
citeproc-suite-variables-title-short-on-short-title-no-title-condition
