cpr-affix-with-commas
cpr-affix-word-processor-affix-no-space
cpr-bugreports-affiliation-spoofing-demo-page-full-cite-cruft-on-subsequent
cpr-bugreports-automatically-delete-items-fails
cpr-bugreports-caps-after-one-word-prefix
cpr-bugreports-chicago-author-date-looping
cpr-bugreports-creeping-add-names
cpr-bugreports-demo-page-full-cite-cruft-on-subsequent
cpr-bugreports-double-encoded-angle-braces
cpr-bugreports-french-apostrophe
cpr-bugreports-ikey-one
cpr-bugreports-move-punctuation-inside-quotes-for-locator
cpr-bugreports-non-breaking-space-join-fail
cpr-bugreports-number-affix-escape
cpr-bugreports-number-in-macro-with-vertical-align
cpr-bugreports-parse-name
cpr-bugreports-single-quote-xml
cpr-bugreports-undefined-not-string
cpr-bugreports-undefined-str
cpr-bugreports-uri-wrapping
cpr-bugreports-year-suffix-in-harvard1
cpr-collapse-author-collapse-no-date-sorted
cpr-collapse-citation-number-ranges-insert
cpr-date-accessed
cpr-date-date-no-date-no-test
cpr-date-in-press
cpr-date-lone-japanese-month
cpr-date-lopsided-data-year-suffix-collapse
cpr-date-other-alone
cpr-date-other-with-date
cpr-date-raw-parse-simple-date
cpr-date-raw-season-range1
cpr-date-raw-season-range2
cpr-date-raw-season-range3
cpr-date-season-substitute-in-group
cpr-date-string
cpr-date-text-form-yeardate-year-range-open
cpr-date-various-invalid-dates
cpr-date-year-suffix-implicit-with-no-date
cpr-date-year-suffix-implicit-with-no-date-one-only
cpr-date-year-suffix-with-no-date
cpr-decorations-nested-quotes-inner-reverse
cpr-decorations-no-normal-without-decoration
cpr-decorations-simple-flip-flop
cpr-disambiguate-all-names-generally
cpr-disambiguate-all-names-simple-sequence
cpr-disambiguate-all-names-with-initials-generally
cpr-disambiguate-by-cite-incremental2
cpr-disambiguate-citation-label-default
cpr-disambiguate-citation-label-in-data
cpr-disambiguate-disambiguation-hang
cpr-disambiguate-incremental-extra-text
cpr-disambiguate-initialize-with-but-no-disambiguation
cpr-disambiguate-primary-name-generally
cpr-disambiguate-primary-name-with-initials-limited-to-primary
cpr-disambiguate-to-initial-only
cpr-disambiguate-trigraph
cpr-disambiguate-year-collapse-with-institution
cpr-disambiguate-year-suffix-fifty-two-entries
cpr-disambiguate-year-suffix-fifty-two-entries-by-cite
cpr-disambiguate-year-suffix-with-et-al-subequent
cpr-display-author-as-heading
cpr-etal-use-zero-first
cpr-flipflop-apostrophes
cpr-flipflop-boldface-node-level-markup
cpr-flipflop-italics-flipped
cpr-flipflop-italics-simple
cpr-flipflop-italics-with-ok
cpr-flipflop-italics-with-ok-and-textcase
cpr-flipflop-leading-single-quote
cpr-flipflop-quotes-in-field-not-on-node
cpr-flipflop-quotes-node-level-markup
cpr-flipflop-small-caps
cpr-fullstyles-abd-nt
cpr-group-complex-nesting
cpr-integration-cross-citation-ibid-on-insert
cpr-integration-delete-name
cpr-integration-disambiguate-add-givenname1
cpr-integration-disambiguate-add-givenname2
cpr-integration-duplicate-item
cpr-integration-duplicate-item2
cpr-integration-first-reference-note-number-position-change
cpr-integration-ibid-on-insert
cpr-integration-year-suffix-on-off-on
cpr-label-collapsed-page-number-plural-detection
cpr-label-editor-translator1
cpr-locale-empty-plus-override-date
cpr-locale-non-existent-locale-def
cpr-locale-overload-with-empty-string
cpr-locale-title-case-empty-lang-non-english-locale
cpr-locale-title-case-garbage-lang-empty-locale
cpr-locale-title-case-garbage-lang-english-locale
cpr-locale-title-case-garbage-lang-non-english-locale
cpr-locale-title-case-non-english-lang-upper-empty-locale
cpr-locator-simple-locators
cpr-locator-tricky-entry-for-plurals
cpr-locator-with-leading-space
cpr-magic-capitalize-first-occurring-term
cpr-magic-citation-label-in-bibliography
cpr-magic-citation-label-in-citation
cpr-magic-name-suffix-no-comma
cpr-magic-name-suffix-with-comma
cpr-magic-punctuation-in-quote-nested
cpr-magic-superscript-chars
cpr-magic-suppress-duplicate-variable-rendering
cpr-magic-suppress-layout-delimiter-if-prefix-comma
cpr-magic-term-capitalization-with-prefix
cpr-name-articular-name-as-sort-order
cpr-name-articular-with-comma
cpr-name-articular-with-comma-name-as-sort-order
cpr-name-asian-glyphs
cpr-name-celts-and-toffs-crowded-initials
cpr-name-celts-and-toffs-spaced-initials
cpr-name-cite-group-delimiter-with-year-suffix-collapse
cpr-name-cite-group-delimiter-with-year-suffix-collapse2
cpr-name-cite-group-delimiter-with-year-suffix-collapse3
cpr-name-editor-translator-same-empty-term
cpr-name-et-al-with-combined
cpr-name-hebrew-and
cpr-name-hyphenated-non-dropping-particle1
cpr-name-hyphenated-non-dropping-particle2
cpr-name-institution
cpr-name-institution-decoration
cpr-name-literal-with-comma
cpr-name-long-abbreviation
cpr-name-lowercase-surname-suffix
cpr-name-namepart-affixes
cpr-name-namepart-affixes-name-as-sort-order
cpr-name-namepart-affixes-name-as-sort-order-demote-non-dropping-particle
cpr-name-only-givenname
cpr-name-parse-names
cpr-name-parsed-dropping-particle-with-apostrophe
cpr-name-parsed-non-dropping-particle-with-apostrophe
cpr-name-particle-caps3
cpr-name-particles-demote-non-dropping-never
cpr-name-split-initials
cpr-name-substitute-on-names-span-group-span-fail
cpr-name-substitute-on-names-span-names-span-fail
cpr-name-with-non-breaking-space
cpr-nameattr-et-al-subsequent-min-on-citation-in-citation
cpr-nameattr-et-al-subsequent-min-on-style-in-citation
cpr-nameattr-et-al-subsequent-use-first-on-citation-in-citation
cpr-nameattr-et-al-subsequent-use-first-on-style-in-citation
cpr-nameorder-long-name-as-sort-demote-display-and-sort
cpr-nameorder-long-name-as-sort-demote-never
cpr-number-new-ordinals-edition
cpr-number-new-ordinals-with-gender-change
cpr-number-ordinal-spacing
cpr-number-plain-hyphen-or-en-dash-always-plural
cpr-number-separate-ordinal-namespaces
cpr-parallel-bibliography
cpr-parallel-hacked-chicago
cpr-parallel-journal-article-reverse
cpr-parallel-journal-article-simple
cpr-parallel-trailing-ibid
cpr-position-first-true-only-once
cpr-position-ibid-in-text
cpr-position-ibid-with-locator
cpr-position-ibid-with-multiple-solo-cites-in-backref
cpr-position-ibid-with-prefix-full-stop
cpr-position-if-ibid-with-locator-is-true-then-ibid-is-true
cpr-position-near-note-false
cpr-position-reset-note-numbers
cpr-punctuation-french-orthography
cpr-punctuation-full-monty-quotes-in
cpr-quotes-punctuation-with-inner-quote
cpr-sort-bibliography-citation-number-descending-via-macro
cpr-sort-bibliography-nosort-option
cpr-sort-change-in-name-sort
cpr-sort-chicago-year-suffix1
cpr-sort-chicago-year-suffix2
cpr-sort-citation-unsorted
cpr-sort-conditional-macro-dates
cpr-sort-dale-dalebout
cpr-sort-drop-name-label-in-sort
cpr-sort-leading-a
cpr-sort-leading-apostrophe-on-name-particle
cpr-sort-quotes
cpr-sort-range-unaffected
cpr-sort-separate-authors-and-others
cpr-sort-with-and-in-one-entry
cpr-substitute-suppress-ordinary-variable
cpr-testers-first-auto-generated-zotero-plugin-test
cpr-testers-second-auto-generated-zotero-plugin-test
cpr-textcase-non-english-chars
cpr-textcase-sentence-capitalization
cpr-textcase-skip-name-particles-in-title-case
cpr-textcase-title-capitalization
cpr-textcase-title-capitalization2
cpr-textcase-title-case-non-english
cpr-variables-title-short-on-short-title-no-title-condition
cpr-affix-comma-after-quote
cpr-affix-moving-punctuation
cpr-affix-space-with-quotes
cpr-api-suppress-author
cpr-api-update-items-delete
cpr-api-update-items-delete-decrements-by-cite-disambiguation
cpr-api-update-items-reshuffle
cpr-bibheader-entryspacing-default-value-one
cpr-bibheader-entryspacing-explicit-value-zero
cpr-bibheader-second-field-align
cpr-bibheader-second-field-align-with-author
cpr-bibheader-second-field-align-with-number
cpr-bibsection-exclude
cpr-bibsection-include
cpr-bibsection-quash
cpr-bibsection-select
cpr-bugreports-arabic-locale
cpr-bugreports-empty-input
cpr-bugreports-no-case-escape
cpr-bugreports-small-caps-escape
cpr-bugreports-two-full-stops
cpr-condition-is-numeric
cpr-date-accessed-crash
cpr-disambiguate-based-on-subsequent-form-with-backref2
cpr-flipflop-orphan-quote
cpr-flipflop-single-before-colon
cpr-label-editor-translator2
cpr-label-missing-returns-empty
cpr-number-edition-sort
cpr-sort-omitted-bib-ref-mixed-numeric-style
cpr-sort-omitted-bib-ref-non-numeric-style
cpr-substitute-shared-macro
cpr-textcase-in-quotes
cpr-textcase-lowercase
cpr-textcase-repeated-title-bug
cpr-textcase-uppercase
cpr-variables-short-form
cpr-variables-title-short-on-abbrev-with-title
cpr-variables-title-short-on-abbrev-with-title-condition
cpr-variables-title-short-on-abbrev-with-title-group
